../Core/Src/main.c:71:6:updownPWM_CCR1	48	static
../Core/Src/main.c:82:6:getADC_data	8	static
../Core/Src/main.c:87:6:printUART	16	static
../Core/Src/main.c:100:6:HAL_UART_TxCpltCallback	16	static
../Core/Src/main.c:105:6:HAL_UART_TxHalfCpltCallback	16	static
../Core/Src/main.c:116:5:main	8	static
../Core/Src/main.c:175:6:SystemClock_Config	96	static
../Core/Src/main.c:219:6:HAL_ADC_ConvCpltCallback	16	static
../Core/Src/main.c:224:6:HAL_TIM_PeriodElapsedCallback	32	static
../Core/Src/main.c:244:6:Error_Handler	8	static,ignoring_inline_asm
